Analyzing yuninet_app...                                        

warning - Duplicate import - lib\main.dart:2:8 - duplicate_import
warning - Duplicate import - lib\main.dart:5:8 - duplicate_import
  error - The getter 'instance' isn't defined for the type 'GoTrueClient' - lib\main.dart:11:39 - undefined_getter
  error - The getter 'instance' isn't defined for the type 'GoTrueClient' - lib\screens\login_screen.dart:24:53 - undefined_getter
  error - The getter 'instance' isn't defined for the type 'GoTrueClient' - lib\screens\login_screen.dart:45:43 - undefined_getter
  error - Undefined name 'Providers' - lib\screens\login_screen.dart:46:19 - undefined_identifier
   info - An uninitialized variable should have an explicit type annotation - lib\screens\register_screen.dart:54:13 - prefer_typing_uninitialized_variables
   info - The variable name 'Supabase' isn't a lowerCamelCase identifier - lib\screens\register_screen.dart:54:13 - non_constant_identifier_names
  error - Expected to find ';' - lib\screens\register_screen.dart:54:13 - expected_token
  error - This requires the 'dot-shorthands' language feature to be enabled - lib\screens\register_screen.dart:54:21 - experiment_not_enabled
  error - Undefined name 'instance' - lib\screens\register_screen.dart:54:22 - undefined_identifier
  error - The final variable 'Supabase' can't be read because it's potentially unassigned at this point - lib\screens\register_screen.dart:54:87 - read_potentially_unassigned_final
  error - The final variable 'Supabase' can't be read because it's potentially unassigned at this point - lib\screens\register_screen.dart:56:23 - read_potentially_unassigned_final
  error - Undefined name 'response' - lib\screens\register_screen.dart:71:11 - undefined_identifier
   info - Don't use 'BuildContext's across async gaps - lib\screens\register_screen.dart:73:23 - use_build_context_synchronously
  error - Undefined name 'Providers' - lib\screens\welcome_screen.dart:41:26 - undefined_identifier
  error - The getter 'instance' isn't defined for the type 'GoTrueClient' - lib\screens\welcome_screen.dart:46:43 - undefined_getter
  error - The named parameter 'onPressed' is required, but there's no corresponding argument - lib\screens\welcome_screen.dart:116:13 - missing_required_argument
  error - The named parameter 'onTap' isn't defined - lib\screens\welcome_screen.dart:118:15 - undefined_named_parameter
  error - The named parameter 'onPressed' is required, but there's no corresponding argument - lib\screens\welcome_screen.dart:126:13 - missing_required_argument
  error - The named parameter 'onTap' isn't defined - lib\screens\welcome_screen.dart:128:15 - undefined_named_parameter
warning - Unused import: 'package:supabase_flutter/supabase_flutter.dart' - lib\widgets\round_button.dart:1:8 - unused_import
warning - Duplicate import - lib\widgets\round_button.dart:2:8 - duplicate_import
warning - Unused import: 'package:supabase_flutter/supabase_flutter.dart' - lib\widgets\round_button.dart:2:8 - unused_import
warning - Unused import: 'package:supabase_flutter/supabase_flutter.dart' - test\widget_test.dart:1:8 - unused_import

